// Jest Snapshot v1, https://goo.gl/fbAQLP

exports[`FieldLabelWithTooltip component renders properly 1`] = `
<FieldLabelWithTooltip
  classes={
    Object {
      "icon": "FieldLabelWithTooltip-icon-3",
      "iconPadding": "FieldLabelWithTooltip-iconPadding-4",
      "label": "FieldLabelWithTooltip-label-2",
      "root": "FieldLabelWithTooltip-root-1",
    }
  }
  infoText="help"
  labelProps={Object {}}
  tooltipIconProps={Object {}}
>
  <div />
</FieldLabelWithTooltip>
`;
