// Jest Snapshot v1, https://goo.gl/fbAQLP

exports[`PaddedContent component renders properly 1`] = `
<PaddedContent
  big={false}
  className="hi"
  classes={
    Object {
      "container": "PaddedContent-container-1 hi",
      "containerBig": "PaddedContent-containerBig-2 HELLO",
    }
  }
>
  <div />
</PaddedContent>
`;
