// Jest Snapshot v1, https://goo.gl/fbAQLP

exports[`PaginatedList component renders the component 1`] = `
<WithStyles(Paper)
  className=""
>
  <Grid$$1
    columns={Array []}
  >
    <div>
      <WithStyles(Typography)
        variant="headline"
      >
        NaN-NaN of undefined results to show
      </WithStyles(Typography)>
    </div>
    <SortingState
      columnExtensions={Array []}
      columnSortingEnabled={true}
      defaultSorting={Array []}
      onSortingChange={[Function]}
    />
    <PagingState
      currentPage={450}
      defaultCurrentPage={0}
      defaultPageSize={10}
      onCurrentPageChange={[Function]}
    />
    <CustomPaging
      totalCount={0}
    />
    <Table$$1
      messages={Object {}}
      rowComponent={[Function]}
    />
    <TableHeaderRow$$1
      messages={Object {}}
      showSortingControls={false}
    />
    <RowDetailState
      defaultExpandedRowIds={Array []}
      onExpandedRowIdsChange={[Function]}
    />
    <TableRowDetail$$1
      contentComponent={[Function]}
    />
    <PagingPanel$$1
      messages={Object {}}
      pageSizes={
        Array [
          5,
          10,
          15,
        ]
      }
    />
  </Grid$$1>
</WithStyles(Paper)>
`;
