// Jest Snapshot v1, https://goo.gl/fbAQLP

exports[`SnackbarContentWrapper component renders the component correctly 1`] = `
<SnackbarContentWrapper
  className="coolClass"
  classes={
    Object {
      "error": "SnackbarContentWrapper-error-1",
      "icon": "SnackbarContentWrapper-icon-2",
      "iconVariant": "SnackbarContentWrapper-iconVariant-3",
      "message": "SnackbarContentWrapper-message-4",
    }
  }
  message={
    <p>
      This is a message
    </p>
  }
  onClose={[Function]}
  other={Object {}}
  variant="error"
/>
`;
